Flow report for data_mining_4mapper
Mon Nov 28 23:03:26 2016
Quartus Prime Version 16.0.2 Build 222 07/20/2016 SJ Lite Edition


---------------------
; Table of Contents ;
---------------------
  1. Legal Notice
  2. Flow Summary
  3. Flow Settings
  4. Flow Non-Default Global Settings
  5. Flow Elapsed Time
  6. Flow OS Summary
  7. Flow Log
  8. Flow Messages
  9. Flow Suppressed Messages



----------------
; Legal Notice ;
----------------
Copyright (C) 1991-2016 Altera Corporation. All rights reserved.
Your use of Altera Corporation's design tools, logic functions 
and other software and tools, and its AMPP partner logic 
functions, and any output files from any of the foregoing 
(including device programming or simulation files), and any 
associated documentation or information are expressly subject 
to the terms and conditions of the Altera Program License 
Subscription Agreement, the Altera Quartus Prime License Agreement,
the Altera MegaCore Function License Agreement, or other 
applicable license agreement, including, without limitation, 
that your use is for the sole purpose of programming logic 
devices manufactured by Altera and sold by Altera or its 
authorized distributors.  Please refer to the applicable 
agreement for further details.



+-------------------------------------------------------------------------------+
; Flow Summary                                                                  ;
+---------------------------------+---------------------------------------------+
; Flow Status                     ; Successful - Mon Nov 28 23:03:25 2016       ;
; Quartus Prime Version           ; 16.0.2 Build 222 07/20/2016 SJ Lite Edition ;
; Revision Name                   ; data_mining_4mapper                         ;
; Top-level Entity Name           ; top_level                                   ;
; Family                          ; Cyclone V                                   ;
; Device                          ; 5CGXFC9E6F35C7                              ;
; Timing Models                   ; Final                                       ;
; Logic utilization (in ALMs)     ; 33,878 / 113,560 ( 30 % )                   ;
; Total registers                 ; 59483                                       ;
; Total pins                      ; 67 / 616 ( 11 % )                           ;
; Total virtual pins              ; 0                                           ;
; Total block memory bits         ; 0 / 12,492,800 ( 0 % )                      ;
; Total DSP Blocks                ; 0 / 342 ( 0 % )                             ;
; Total HSSI RX PCSs              ; 0 / 12 ( 0 % )                              ;
; Total HSSI PMA RX Deserializers ; 0 / 12 ( 0 % )                              ;
; Total HSSI TX PCSs              ; 0 / 12 ( 0 % )                              ;
; Total HSSI PMA TX Serializers   ; 0 / 12 ( 0 % )                              ;
; Total PLLs                      ; 0 / 20 ( 0 % )                              ;
; Total DLLs                      ; 0 / 4 ( 0 % )                               ;
+---------------------------------+---------------------------------------------+


+-----------------------------------------+
; Flow Settings                           ;
+-------------------+---------------------+
; Option            ; Setting             ;
+-------------------+---------------------+
; Start date & time ; 11/28/2016 21:48:03 ;
; Main task         ; Compilation         ;
; Revision Name     ; data_mining_4mapper ;
+-------------------+---------------------+


+----------------------------------------------------------------------------------------------------------------------------------+
; Flow Non-Default Global Settings                                                                                                 ;
+-------------------------------------+---------------------------------------+---------------------+-------------+----------------+
; Assignment Name                     ; Value                                 ; Default Value       ; Entity Name ; Section Id     ;
+-------------------------------------+---------------------------------------+---------------------+-------------+----------------+
; COMPILER_SIGNATURE_ID               ; 176527405649222.148039488211064       ; --                  ; --          ; --             ;
; EDA_OUTPUT_DATA_FORMAT              ; Systemverilog Hdl                     ; --                  ; --          ; eda_simulation ;
; EDA_SIMULATION_TOOL                 ; ModelSim-Altera (SystemVerilog)       ; <None>              ; --          ; --             ;
; EDA_TIME_SCALE                      ; 1 ps                                  ; --                  ; --          ; eda_simulation ;
; MAX_CORE_JUNCTION_TEMP              ; 85                                    ; --                  ; --          ; --             ;
; MIN_CORE_JUNCTION_TEMP              ; 0                                     ; --                  ; --          ; --             ;
; PARTITION_COLOR                     ; 16764057                              ; --                  ; top_level   ; Top            ;
; PARTITION_FITTER_PRESERVATION_LEVEL ; PLACEMENT_AND_ROUTING                 ; --                  ; top_level   ; Top            ;
; PARTITION_NETLIST_TYPE              ; SOURCE                                ; --                  ; top_level   ; Top            ;
; POWER_BOARD_THERMAL_MODEL           ; None (CONSERVATIVE)                   ; --                  ; --          ; --             ;
; POWER_PRESET_COOLING_SOLUTION       ; 23 MM HEAT SINK WITH 200 LFPM AIRFLOW ; --                  ; --          ; --             ;
; PROJECT_OUTPUT_DIRECTORY            ; output_files                          ; --                  ; --          ; --             ;
; TOP_LEVEL_ENTITY                    ; top_level                             ; data_mining_4mapper ; --          ; --             ;
; VERILOG_INPUT_VERSION               ; SystemVerilog_2005                    ; Verilog_2001        ; --          ; --             ;
; VERILOG_SHOW_LMF_MAPPING_MESSAGES   ; Off                                   ; --                  ; --          ; --             ;
+-------------------------------------+---------------------------------------+---------------------+-------------+----------------+


+-------------------------------------------------------------------------------------------------------------------------------+
; Flow Elapsed Time                                                                                                             ;
+---------------------------+--------------+-------------------------+---------------------+------------------------------------+
; Module Name               ; Elapsed Time ; Average Processors Used ; Peak Virtual Memory ; Total CPU Time (on all processors) ;
+---------------------------+--------------+-------------------------+---------------------+------------------------------------+
; Analysis & Synthesis      ; 00:03:58     ; 1.0                     ; 1425 MB             ; 00:04:08                           ;
; Fitter                    ; 00:56:12     ; 1.0                     ; 3485 MB             ; 00:56:47                           ;
; Assembler                 ; 00:01:37     ; 1.0                     ; 1474 MB             ; 00:00:56                           ;
; TimeQuest Timing Analyzer ; 00:09:39     ; 1.0                     ; 2358 MB             ; 00:09:09                           ;
; EDA Netlist Writer        ; 00:00:51     ; 1.0                     ; 1742 MB             ; 00:00:33                           ;
; Total                     ; 01:12:17     ; --                      ; --                  ; 01:11:33                           ;
+---------------------------+--------------+-------------------------+---------------------+------------------------------------+


+----------------------------------------------------------------------------------------+
; Flow OS Summary                                                                        ;
+---------------------------+------------------+-----------+------------+----------------+
; Module Name               ; Machine Hostname ; OS Name   ; OS Version ; Processor type ;
+---------------------------+------------------+-----------+------------+----------------+
; Analysis & Synthesis      ; LAPTOP-4AM5L85G  ; Windows 8 ; 6.2        ; x86_64         ;
; Fitter                    ; LAPTOP-4AM5L85G  ; Windows 8 ; 6.2        ; x86_64         ;
; Assembler                 ; LAPTOP-4AM5L85G  ; Windows 8 ; 6.2        ; x86_64         ;
; TimeQuest Timing Analyzer ; LAPTOP-4AM5L85G  ; Windows 8 ; 6.2        ; x86_64         ;
; EDA Netlist Writer        ; LAPTOP-4AM5L85G  ; Windows 8 ; 6.2        ; x86_64         ;
+---------------------------+------------------+-----------+------------+----------------+


------------
; Flow Log ;
------------
quartus_map --read_settings_files=on --write_settings_files=off data_mining_4mapper -c data_mining_4mapper
quartus_fit --read_settings_files=off --write_settings_files=off data_mining_4mapper -c data_mining_4mapper
quartus_asm --read_settings_files=off --write_settings_files=off data_mining_4mapper -c data_mining_4mapper
quartus_sta data_mining_4mapper -c data_mining_4mapper
quartus_eda --read_settings_files=off --write_settings_files=off data_mining_4mapper -c data_mining_4mapper



